
> frontend@0.0.0 build
> tsc -b && vite build

node.exe : 'tsc' is not 
recognized as an internal 
or external command,
At line:1 char:1
+ & "C:\Program 
Files\nodejs/node.exe" 
"C:\Users\Madhu 
kiran\AppData\Ro ...
+ ~~~~~~~~~~~~~~~~~~~~~~~~
~~~~~~~~~~~~~~~~~~~~~~~~~~
~~~~~~~~~~~~~~~~~~~
    + CategoryInfo        
      : NotSpecified: ('  
  tsc' is not re...tern   
 al command,:String) [    
], RemoteException
    + FullyQualifiedError 
   Id : NativeCommandErr  
  or
 
operable program or batch 
file.
